PASS tests/host/wasip2-via-wasip3/integration.test.ts (52.558 s)
PASS tests/host/wasip3/integration-p3-native.test.ts (33.536 s)
PASS tests/host/wasip3/node/sockets.test.ts
PASS tests/runtime/abort-dispose.test.ts
PASS tests/host/wasip3/sockets-integration.test.ts
PASS tests/host/wasip2-via-wasip3/echo-reactor.test.ts
PASS tests/runtime/stream-table.test.ts
PASS tests/host/wasip3/integration.test.ts
PASS tests/host/wasip2-via-wasip3/filesystem.test.ts
PASS tests/marshal/edge-cases.test.ts
PASS tests/runtime/abort-dispose-integration.test.ts
PASS tests/index.test.ts
PASS tests/host/wasip2-via-wasip3/cli.test.ts
PASS tests/parser/export.test.ts
PASS tests/host/wasip3/node/filesystem-node.test.ts
PASS tests/host/wasip2-via-wasip3/node/filesystem-node.test.ts
PASS tests/parser/security.test.ts
PASS tests/runtime/waitable-set.test.ts
PASS tests/runtime/future-table.test.ts
PASS tests/host/wasip2-via-wasip3/use-number-for-int64.test.ts
PASS tests/host/wasip3/clocks.test.ts
PASS tests/runtime/subtask-table.test.ts
PASS tests/marshal/resources.test.ts
PASS tests/resolver/calling-convention.test.ts
PASS tests/marshal/canonical-abi.test.ts
PASS tests/host/wasip3/streams.test.ts
PASS tests/host/wasip2-via-wasip3/node/http-server.test.ts
PASS tests/utils/streaming.test.ts
PASS tests/host/wasip3/node/http-server.test.ts
PASS tests/host/wasip2-via-wasip3/wasi-host.test.ts
PASS tests/host/wasip2-via-wasip3/hello-world.test.ts
PASS tests/parser/values.test.ts
PASS tests/resolver/error-paths.test.ts
PASS tests/host/wasip3/http.test.ts
PASS tests/marshal/primitives.test.ts
PASS tests/host/wasip3/vfs.test.ts
PASS tests/marshal/compound-types.test.ts
PASS tests/host/wasip2-via-wasip3/poll.test.ts
PASS tests/marshal/memory-store.test.ts
PASS tests/utils/args.test.ts
PASS tests/marshal/validation.test.ts
PASS tests/host/wasip3/random.test.ts
PASS tests/host/wasip3/filesystem.test.ts
PASS tests/host/wasip3/resources.test.ts
PASS tests/resolver/function-imports.test.ts
PASS tests/host/wasip1-via-wasip3/memory.test.ts
PASS tests/host/wasip3/node/stdio-node.test.ts
PASS tests/runtime/resources.test.ts
PASS tests/host/wasip3/stdio.test.ts
PASS tests/host/wasip2-via-wasip3/wall-clock.test.ts
PASS tests/host/wasip2-via-wasip3/streams.test.ts
PASS tests/host/wasip2-via-wasip3/http.test.ts
PASS tests/host/wasip3/result.test.ts
PASS tests/resolver/type-validation.test.ts
PASS tests/host/wasip2-via-wasip3/monotonic-clock.test.ts
PASS tests/host/wasip1-via-wasip3/p1-functions.test.ts
PASS tests/utils/assert.test.ts
PASS tests/host/wasip3/cli.test.ts
PASS tests/runtime/memory.test.ts
PASS tests/resolver/indices.test.ts
PASS tests/binder/cache.test.ts
PASS tests/host/wasip3/wasip3-host.test.ts
PASS tests/host/wasip3/sockets.test.ts
PASS tests/host/wasip3/cross-interface.test.ts
PASS tests/utils/debug-names.test.ts
PASS tests/utils/fetch-like.test.ts
PASS tests/parser/index.test.ts
PASS tests/binder/memoization.test.ts
PASS tests/host/wasip2-via-wasip3/random.test.ts
PASS tests/resolver/type-resolution.test.ts
PASS tests/parser/otherSection.test.ts
PASS tests/resolver/types.test.ts
PASS tests/resolver/import-index.test.ts
PASS tests/marshal/spilling.test.ts
PASS tests/utils/shared.test.ts
PASS tests/resolver/import-names.test.ts
PASS tests/host/wasip1-via-wasip3/fd-table.test.ts
PASS tests/resolver/type-isolation.test.ts

Test Suites: 78 passed, 78 total
Tests:       3 skipped, 2758 passed, 2761 total
Snapshots:   0 total
Time:        106.962 s
Ran all test suites.

Jest has detected the following 10 open handles potentially keeping Jest from exiting:

  ΓùÅ  TCPSERVERWRAP

      271 |                 try { mapNodeError(err); } catch (e) { reject(e); }
      272 |             };
    > 273 |             server.listen({ port, host, backlog: Number(this._backlog), exclusive: false }, () => {
          |                    ^
      274 |                 server.removeListener('error', onError);
      275 |                 const addr = server.address() as net.AddressInfo;
      276 |                 this._localAddress = nodeAddressToIpSocket(addr.address, addr.port, addr.family);

      at listen (src/host/wasip3/node/sockets.ts:273:20)
      at NodeTcpSocket.bind (src/host/wasip3/node/sockets.ts:268:16)
      at Object.bind (tests/host/wasip3/node/sockets.test.ts:59:24)


  ΓùÅ  TCPSERVERWRAP

      271 |                 try { mapNodeError(err); } catch (e) { reject(e); }
      272 |             };
    > 273 |             server.listen({ port, host, backlog: Number(this._backlog), exclusive: false }, () => {
          |                    ^
      274 |                 server.removeListener('error', onError);
      275 |                 const addr = server.address() as net.AddressInfo;
      276 |                 this._localAddress = nodeAddressToIpSocket(addr.address, addr.port, addr.family);

      at listen (src/host/wasip3/node/sockets.ts:273:20)
      at NodeTcpSocket.bind (src/host/wasip3/node/sockets.ts:268:16)
      at Object.bind (tests/host/wasip3/node/sockets.test.ts:66:24)


  ΓùÅ  TCPSERVERWRAP

      271 |                 try { mapNodeError(err); } catch (e) { reject(e); }
      272 |             };
    > 273 |             server.listen({ port, host, backlog: Number(this._backlog), exclusive: false }, () => {
          |                    ^
      274 |                 server.removeListener('error', onError);
      275 |                 const addr = server.address() as net.AddressInfo;
      276 |                 this._localAddress = nodeAddressToIpSocket(addr.address, addr.port, addr.family);

      at listen (src/host/wasip3/node/sockets.ts:273:20)
      at NodeTcpSocket.bind (src/host/wasip3/node/sockets.ts:268:16)
      at Object.bind (tests/host/wasip3/node/sockets.test.ts:235:24)


  ΓùÅ  TCPWRAP

      271 |                 try { mapNodeError(err); } catch (e) { reject(e); }
      272 |             };
    > 273 |             server.listen({ port, host, backlog: Number(this._backlog), exclusive: false }, () => {
          |                    ^
      274 |                 server.removeListener('error', onError);
      275 |                 const addr = server.address() as net.AddressInfo;
      276 |                 this._localAddress = nodeAddressToIpSocket(addr.address, addr.port, addr.family);

      at listen (src/host/wasip3/node/sockets.ts:273:20)
      at NodeTcpSocket.bind (src/host/wasip3/node/sockets.ts:268:16)
      at NodeTcpSocket.bind [as listen] (src/host/wasip3/node/sockets.ts:335:24)
      at Object.listen (tests/host/wasip3/node/sockets.test.ts:236:51)


  ΓùÅ  TCPSERVERWRAP

      271 |                 try { mapNodeError(err); } catch (e) { reject(e); }
      272 |             };
    > 273 |             server.listen({ port, host, backlog: Number(this._backlog), exclusive: false }, () => {
          |                    ^
      274 |                 server.removeListener('error', onError);
      275 |                 const addr = server.address() as net.AddressInfo;
      276 |                 this._localAddress = nodeAddressToIpSocket(addr.address, addr.port, addr.family);

      at listen (src/host/wasip3/node/sockets.ts:273:20)
      at NodeTcpSocket.bind (src/host/wasip3/node/sockets.ts:268:16)
      at bind (tests/host/wasip3/node/sockets.test.ts:276:24)
      at Object.setupPair (tests/host/wasip3/node/sockets.test.ts:298:61)


  ΓùÅ  TCPWRAP

      271 |                 try { mapNodeError(err); } catch (e) { reject(e); }
      272 |             };
    > 273 |             server.listen({ port, host, backlog: Number(this._backlog), exclusive: false }, () => {
          |                    ^
      274 |                 server.removeListener('error', onError);
      275 |                 const addr = server.address() as net.AddressInfo;
      276 |                 this._localAddress = nodeAddressToIpSocket(addr.address, addr.port, addr.family);

      at listen (src/host/wasip3/node/sockets.ts:273:20)
      at NodeTcpSocket.bind (src/host/wasip3/node/sockets.ts:268:16)
      at NodeTcpSocket.bind [as listen] (src/host/wasip3/node/sockets.ts:335:24)
      at listen (tests/host/wasip3/node/sockets.test.ts:277:51)
      at Object.setupPair (tests/host/wasip3/node/sockets.test.ts:298:61)


  ΓùÅ  TCPSERVERWRAP

      271 |                 try { mapNodeError(err); } catch (e) { reject(e); }
      272 |             };
    > 273 |             server.listen({ port, host, backlog: Number(this._backlog), exclusive: false }, () => {
          |                    ^
      274 |                 server.removeListener('error', onError);
      275 |                 const addr = server.address() as net.AddressInfo;
      276 |                 this._localAddress = nodeAddressToIpSocket(addr.address, addr.port, addr.family);

      at listen (src/host/wasip3/node/sockets.ts:273:20)
      at NodeTcpSocket.bind (src/host/wasip3/node/sockets.ts:268:16)
      at bind (tests/host/wasip3/node/sockets.test.ts:276:24)
      at Object.setupPair (tests/host/wasip3/node/sockets.test.ts:342:61)


  ΓùÅ  TCPWRAP

      271 |                 try { mapNodeError(err); } catch (e) { reject(e); }
      272 |             };
    > 273 |             server.listen({ port, host, backlog: Number(this._backlog), exclusive: false }, () => {
          |                    ^
      274 |                 server.removeListener('error', onError);
      275 |                 const addr = server.address() as net.AddressInfo;
      276 |                 this._localAddress = nodeAddressToIpSocket(addr.address, addr.port, addr.family);

      at listen (src/host/wasip3/node/sockets.ts:273:20)
      at NodeTcpSocket.bind (src/host/wasip3/node/sockets.ts:268:16)
      at NodeTcpSocket.bind [as listen] (src/host/wasip3/node/sockets.ts:335:24)
      at listen (tests/host/wasip3/node/sockets.test.ts:277:51)
      at Object.setupPair (tests/host/wasip3/node/sockets.test.ts:342:61)


  ΓùÅ  TTYWRAP

      103 |     stderr: WritableStream<Uint8Array>;
      104 | } {
    > 105 |     if (!cachedStdin) cachedStdin = nodeReadableToWeb(process.stdin);
          |                                                               ^
      106 |     if (!cachedStdout) cachedStdout = nodeWritableToWeb(process.stdout);
      107 |     if (!cachedStderr) cachedStderr = nodeWritableToWeb(process.stderr);
      108 |     return {

      at stdin (src/host/wasip3/node/stdio-node.ts:105:63)
      at nodeStdioDefaults (src/host/wasip3/node/wasip3.ts:34:27)
      at createWasiP3Host (tests/host/wasip3/sockets-integration.test.ts:35:16)
      at createMergedHosts (tests/host/wasip3/sockets-integration.test.ts:45:29)
      at fn (tests/test-utils/verbose-logger.ts:121:15)
      at Object.runWithVerbose (tests/host/wasip3/sockets-integration.test.ts:44:93)


  ΓùÅ  Timeout

      47 |             const clampedNs = howLong > MAX_DELAY_NS ? MAX_DELAY_NS : howLong;
      48 |             const delayMs = Number(clampedNs) / 1_000_000;
    > 49 |             return new Promise(resolve => setTimeout(resolve, delayMs));
         |                                           ^
      50 |         },
      51 |     };
      52 | }

      at setTimeout (src/host/wasip3/clocks.ts:49:43)
      at Object.waitFor (src/host/wasip3/clocks.ts:49:20)
      at Object.waitFor (tests/host/wasip3/clocks.test.ts:201:25)

